------------------------------------------------------------
Timing Analyzer Summary
------------------------------------------------------------

Type  : Slow 1200mV 85C Model Setup 'inst14|inst|inst1|altpll_component|auto_generated|pll1|clk[0]'
Slack : -3.100
TNS   : -43.330

Type  : Slow 1200mV 85C Model Setup 'QD:inst14|FPQ:inst|H:inst|lpm_counter:LPM_COUNTER_component|cntr_0lj:auto_generated|counter_reg_bit[0]'
Slack : -2.016
TNS   : -3.962

Type  : Slow 1200mV 85C Model Setup 'QD:inst4|FPQ:inst|H:inst|lpm_counter:LPM_COUNTER_component|cntr_0lj:auto_generated|counter_reg_bit[0]'
Slack : -1.847
TNS   : -3.796

Type  : Slow 1200mV 85C Model Setup 'QD:inst14|inst2'
Slack : -0.200
TNS   : -1.025

Type  : Slow 1200mV 85C Model Setup 'QD:inst4|inst2'
Slack : 0.011
TNS   : 0.000

Type  : Slow 1200mV 85C Model Hold 'inst14|inst|inst1|altpll_component|auto_generated|pll1|clk[0]'
Slack : 0.372
TNS   : 0.000

Type  : Slow 1200mV 85C Model Hold 'QD:inst14|inst2'
Slack : 0.503
TNS   : 0.000

Type  : Slow 1200mV 85C Model Hold 'QD:inst4|inst2'
Slack : 0.526
TNS   : 0.000

Type  : Slow 1200mV 85C Model Hold 'QD:inst14|FPQ:inst|H:inst|lpm_counter:LPM_COUNTER_component|cntr_0lj:auto_generated|counter_reg_bit[0]'
Slack : 0.534
TNS   : 0.000

Type  : Slow 1200mV 85C Model Hold 'QD:inst4|FPQ:inst|H:inst|lpm_counter:LPM_COUNTER_component|cntr_0lj:auto_generated|counter_reg_bit[0]'
Slack : 0.535
TNS   : 0.000

Type  : Slow 1200mV 85C Model Minimum Pulse Width 'QD:inst4|FPQ:inst|H:inst|lpm_counter:LPM_COUNTER_component|cntr_0lj:auto_generated|counter_reg_bit[0]'
Slack : -1.487
TNS   : -13.529

Type  : Slow 1200mV 85C Model Minimum Pulse Width 'QD:inst14|FPQ:inst|H:inst|lpm_counter:LPM_COUNTER_component|cntr_0lj:auto_generated|counter_reg_bit[0]'
Slack : -1.487
TNS   : -13.519

Type  : Slow 1200mV 85C Model Minimum Pulse Width 'QD:inst14|inst2'
Slack : -1.487
TNS   : -11.896

Type  : Slow 1200mV 85C Model Minimum Pulse Width 'QD:inst4|inst2'
Slack : -1.487
TNS   : -11.896

Type  : Slow 1200mV 85C Model Minimum Pulse Width 'inclk'
Slack : 9.934
TNS   : 0.000

Type  : Slow 1200mV 85C Model Minimum Pulse Width 'inst14|inst|inst1|altpll_component|auto_generated|pll1|clk[0]'
Slack : 49999.671
TNS   : 0.000

Type  : Slow 1200mV 0C Model Setup 'inst14|inst|inst1|altpll_component|auto_generated|pll1|clk[0]'
Slack : -2.618
TNS   : -36.575

Type  : Slow 1200mV 0C Model Setup 'QD:inst4|FPQ:inst|H:inst|lpm_counter:LPM_COUNTER_component|cntr_0lj:auto_generated|counter_reg_bit[0]'
Slack : -1.821
TNS   : -3.349

Type  : Slow 1200mV 0C Model Setup 'QD:inst14|FPQ:inst|H:inst|lpm_counter:LPM_COUNTER_component|cntr_0lj:auto_generated|counter_reg_bit[0]'
Slack : -1.643
TNS   : -3.169

Type  : Slow 1200mV 0C Model Setup 'QD:inst14|inst2'
Slack : -0.098
TNS   : -0.446

Type  : Slow 1200mV 0C Model Setup 'QD:inst4|inst2'
Slack : 0.111
TNS   : 0.000

Type  : Slow 1200mV 0C Model Hold 'inst14|inst|inst1|altpll_component|auto_generated|pll1|clk[0]'
Slack : 0.232
TNS   : 0.000

Type  : Slow 1200mV 0C Model Hold 'QD:inst14|inst2'
Slack : 0.472
TNS   : 0.000

Type  : Slow 1200mV 0C Model Hold 'QD:inst4|inst2'
Slack : 0.492
TNS   : 0.000

Type  : Slow 1200mV 0C Model Hold 'QD:inst14|FPQ:inst|H:inst|lpm_counter:LPM_COUNTER_component|cntr_0lj:auto_generated|counter_reg_bit[0]'
Slack : 0.497
TNS   : 0.000

Type  : Slow 1200mV 0C Model Hold 'QD:inst4|FPQ:inst|H:inst|lpm_counter:LPM_COUNTER_component|cntr_0lj:auto_generated|counter_reg_bit[0]'
Slack : 0.497
TNS   : 0.000

Type  : Slow 1200mV 0C Model Minimum Pulse Width 'QD:inst4|inst2'
Slack : -1.487
TNS   : -12.168

Type  : Slow 1200mV 0C Model Minimum Pulse Width 'QD:inst14|inst2'
Slack : -1.487
TNS   : -11.896

Type  : Slow 1200mV 0C Model Minimum Pulse Width 'QD:inst14|FPQ:inst|H:inst|lpm_counter:LPM_COUNTER_component|cntr_0lj:auto_generated|counter_reg_bit[0]'
Slack : -1.487
TNS   : -11.558

Type  : Slow 1200mV 0C Model Minimum Pulse Width 'QD:inst4|FPQ:inst|H:inst|lpm_counter:LPM_COUNTER_component|cntr_0lj:auto_generated|counter_reg_bit[0]'
Slack : -1.487
TNS   : -11.557

Type  : Slow 1200mV 0C Model Minimum Pulse Width 'inclk'
Slack : 9.943
TNS   : 0.000

Type  : Slow 1200mV 0C Model Minimum Pulse Width 'inst14|inst|inst1|altpll_component|auto_generated|pll1|clk[0]'
Slack : 49999.676
TNS   : 0.000

Type  : Fast 1200mV 0C Model Setup 'inst14|inst|inst1|altpll_component|auto_generated|pll1|clk[0]'
Slack : -1.196
TNS   : -16.723

Type  : Fast 1200mV 0C Model Setup 'QD:inst14|FPQ:inst|H:inst|lpm_counter:LPM_COUNTER_component|cntr_0lj:auto_generated|counter_reg_bit[0]'
Slack : -1.022
TNS   : -1.022

Type  : Fast 1200mV 0C Model Setup 'QD:inst4|FPQ:inst|H:inst|lpm_counter:LPM_COUNTER_component|cntr_0lj:auto_generated|counter_reg_bit[0]'
Slack : -0.885
TNS   : -0.885

Type  : Fast 1200mV 0C Model Setup 'QD:inst14|inst2'
Slack : 0.497
TNS   : 0.000

Type  : Fast 1200mV 0C Model Setup 'QD:inst4|inst2'
Slack : 0.564
TNS   : 0.000

Type  : Fast 1200mV 0C Model Hold 'inst14|inst|inst1|altpll_component|auto_generated|pll1|clk[0]'
Slack : 0.191
TNS   : 0.000

Type  : Fast 1200mV 0C Model Hold 'QD:inst14|inst2'
Slack : 0.196
TNS   : 0.000

Type  : Fast 1200mV 0C Model Hold 'QD:inst4|inst2'
Slack : 0.205
TNS   : 0.000

Type  : Fast 1200mV 0C Model Hold 'QD:inst14|FPQ:inst|H:inst|lpm_counter:LPM_COUNTER_component|cntr_0lj:auto_generated|counter_reg_bit[0]'
Slack : 0.210
TNS   : 0.000

Type  : Fast 1200mV 0C Model Hold 'QD:inst4|FPQ:inst|H:inst|lpm_counter:LPM_COUNTER_component|cntr_0lj:auto_generated|counter_reg_bit[0]'
Slack : 0.210
TNS   : 0.000

Type  : Fast 1200mV 0C Model Minimum Pulse Width 'QD:inst14|inst2'
Slack : -1.000
TNS   : -8.000

Type  : Fast 1200mV 0C Model Minimum Pulse Width 'QD:inst4|inst2'
Slack : -1.000
TNS   : -8.000

Type  : Fast 1200mV 0C Model Minimum Pulse Width 'QD:inst4|FPQ:inst|H:inst|lpm_counter:LPM_COUNTER_component|cntr_0lj:auto_generated|counter_reg_bit[0]'
Slack : -1.000
TNS   : -4.616

Type  : Fast 1200mV 0C Model Minimum Pulse Width 'QD:inst14|FPQ:inst|H:inst|lpm_counter:LPM_COUNTER_component|cntr_0lj:auto_generated|counter_reg_bit[0]'
Slack : -1.000
TNS   : -4.608

Type  : Fast 1200mV 0C Model Minimum Pulse Width 'inclk'
Slack : 9.594
TNS   : 0.000

Type  : Fast 1200mV 0C Model Minimum Pulse Width 'inst14|inst|inst1|altpll_component|auto_generated|pll1|clk[0]'
Slack : 49999.776
TNS   : 0.000

------------------------------------------------------------
